EN home NULL //pdc-srv/alaouia/i2/PR202/prsq/home.vhd sub00/vhpl24 1276255474
AR affiche k //pdc-srv/alaouia/i2/PR202/prsq/affiche.vhd sub00/vhpl17 1276255467
EN led NULL //pdc-srv/alaouia/i2/PR202/prsq/led.vhd sub00/vhpl08 1276255458
EN ps2_rx NULL //pdc-srv/alaouia/i2/PR202/prsq/ps2_rx.vhd sub00/vhpl20 1276255470
AR image content //pdc-srv/alaouia/i2/PR202/prsq/image.vhd sub00/vhpl01 1276255451
EN signalsync NULL //pdc-srv/alaouia/i2/PR202/prsq/signalsync.vhd sub00/vhpl14 1276255464
EN image NULL //pdc-srv/alaouia/i2/PR202/prsq/image.vhd sub00/vhpl00 1276255450
EN ball NULL //pdc-srv/alaouia/i2/PR202/prsq/ball.vhd sub00/vhpl06 1276255456
AR signalsync k //pdc-srv/alaouia/i2/PR202/prsq/signalsync.vhd sub00/vhpl15 1276255465
AR codepage_rom content //pdc-srv/alaouia/i2/PR202/prsq/codepage.vhd sub00/vhpl03 1276255453
EN barre NULL //pdc-srv/alaouia/i2/PR202/prsq/barre.vhd sub00/vhpl04 1276255454
AR sound k //pdc-srv/alaouia/i2/PR202/prsq/sound.vhd sub00/vhpl23 1276255473
AR barre k //pdc-srv/alaouia/i2/PR202/prsq/barre.vhd sub00/vhpl05 1276255455
AR ps2_rx k //pdc-srv/alaouia/i2/PR202/prsq/ps2_rx.vhd sub00/vhpl21 1276255471
EN codepage_rom NULL //pdc-srv/alaouia/i2/PR202/prsq/codepage.vhd sub00/vhpl02 1276255452
EN clkgen NULL //pdc-srv/alaouia/i2/PR202/prsq/clkgen.vhd sub00/vhpl12 1276255462
AR clkgen k //pdc-srv/alaouia/i2/PR202/prsq/clkgen.vhd sub00/vhpl13 1276255463
AR ball k //pdc-srv/alaouia/i2/PR202/prsq/ball.vhd sub00/vhpl07 1276255457
EN sound NULL //pdc-srv/alaouia/i2/PR202/prsq/sound.vhd sub00/vhpl22 1276255472
EN ball_rom NULL //pdc-srv/alaouia/i2/PR202/prsq/codeball.vhd sub00/vhpl10 1276255460
EN prsq NULL //pdc-srv/alaouia/i2/PR202/prsq/prsq.vhd sub00/vhpl26 1276255476
EN affiche NULL //pdc-srv/alaouia/i2/PR202/prsq/affiche.vhd sub00/vhpl16 1276255466
AR text k //pdc-srv/alaouia/i2/PR202/prsq/text.vhd sub00/vhpl19 1276255469
AR home k //pdc-srv/alaouia/i2/PR202/prsq/home.vhd sub00/vhpl25 1276255475
AR ball_rom content //pdc-srv/alaouia/i2/PR202/prsq/codeball.vhd sub00/vhpl11 1276255461
EN text NULL //pdc-srv/alaouia/i2/PR202/prsq/text.vhd sub00/vhpl18 1276255468
AR prsq archi //pdc-srv/alaouia/i2/PR202/prsq/prsq.vhd sub00/vhpl27 1276255477
AR led k //pdc-srv/alaouia/i2/PR202/prsq/led.vhd sub00/vhpl09 1276255459
